// Jest Snapshot v1, https://goo.gl/fbAQLP

exports[`<Character /> renders the Character component correctly 1`] = `
<tr>
  <td>
    <Component />
  </td>
  <td>
    <Component />
  </td>
  <td>
    <Component />
  </td>
</tr>
`;

exports[`<Character /> should call the mock name function 1`] = `
<tr>
  <td>
    <Component />
  </td>
  <td>
    <Component />
  </td>
  <td>
    <Component />
  </td>
</tr>
`;
